2026-02-05 13:24:45 INFO  [LecturaXML] - generarXMLZipiadoFactura - Crear ZIP 
2026-02-05 13:24:45 INFO  [LecturaXML] - generarXMLZipiadoFactura - Zip creado d:\envio\20609272016-03-B001-0000061.zip
2026-02-05 13:27:48 INFO  [LecturaXML] - generarXMLZipiadoFactura - Crear ZIP 
2026-02-05 13:27:48 INFO  [LecturaXML] - generarXMLZipiadoFactura - Zip creado d:\envio\20609272016-03-B001-0000061.zip
2026-02-05 15:34:37 INFO  [LecturaXML] - generarXMLZipiadoFactura - Crear ZIP 
2026-02-05 15:34:37 INFO  [LecturaXML] - generarXMLZipiadoFactura - Zip creado d:\envio\20609272016-03-B001-0000061.zip
2026-02-05 15:34:46 INFO  [LecturaXML] - generarXMLZipiadoFactura - Crear ZIP 
2026-02-05 15:34:46 INFO  [LecturaXML] - generarXMLZipiadoFactura - Zip creado d:\envio\20609272016-03-B001-0000061.zip
2026-02-05 15:34:56 INFO  [LecturaXML] - generarXMLZipiadoFactura - Crear ZIP 
2026-02-05 15:34:56 INFO  [LecturaXML] - generarXMLZipiadoFactura - Zip creado d:\envio\20609272016-03-B001-0000061.zip
2026-02-05 15:59:27 INFO  [LecturaXML] - generarXMLZipiadoFactura - Crear ZIP 
2026-02-05 15:59:27 INFO  [LecturaXML] - generarXMLZipiadoFactura - Zip creado d:\envio\20609272016-03-B001-0000061.zip
2026-02-05 15:59:36 INFO  [LecturaXML] - generarXMLZipiadoFactura - Crear ZIP 
2026-02-05 15:59:36 INFO  [LecturaXML] - generarXMLZipiadoFactura - Zip creado d:\envio\20609272016-03-B001-0000061.zip
2026-02-05 16:17:59 INFO  [LecturaXML] - generarXMLZipiadoFactura - Crear ZIP 
2026-02-05 16:17:59 INFO  [LecturaXML] - generarXMLZipiadoFactura - Zip creado d:\envio\20609272016-03-B001-0000061.zip
2026-02-05 16:18:08 INFO  [LecturaXML] - generarXMLZipiadoFactura - Crear ZIP 
2026-02-05 16:18:08 INFO  [LecturaXML] - generarXMLZipiadoFactura - Zip creado d:\envio\20609272016-03-B001-0000061.zip
2026-02-05 16:18:18 INFO  [LecturaXML] - generarXMLZipiadoFactura - Crear ZIP 
2026-02-05 16:18:18 INFO  [LecturaXML] - generarXMLZipiadoFactura - Zip creado d:\envio\20609272016-03-B001-0000061.zip
2026-02-05 16:18:28 INFO  [LecturaXML] - generarXMLZipiadoFactura - Crear ZIP 
2026-02-05 16:18:28 INFO  [LecturaXML] - generarXMLZipiadoFactura - Zip creado d:\envio\20609272016-03-B001-0000061.zip
2026-02-05 16:18:38 INFO  [LecturaXML] - generarXMLZipiadoFactura - Crear ZIP 
2026-02-05 16:18:38 INFO  [LecturaXML] - generarXMLZipiadoFactura - Zip creado d:\envio\20609272016-03-B001-0000061.zip
2026-02-05 16:18:48 INFO  [LecturaXML] - generarXMLZipiadoFactura - Crear ZIP 
2026-02-05 16:18:48 INFO  [LecturaXML] - generarXMLZipiadoFactura - Zip creado d:\envio\20609272016-03-B001-0000061.zip
2026-02-05 16:18:58 INFO  [LecturaXML] - generarXMLZipiadoFactura - Crear ZIP 
2026-02-05 16:18:58 INFO  [LecturaXML] - generarXMLZipiadoFactura - Zip creado d:\envio\20609272016-03-B001-0000061.zip
2026-02-05 16:19:08 INFO  [LecturaXML] - generarXMLZipiadoFactura - Crear ZIP 
2026-02-05 16:19:08 INFO  [LecturaXML] - generarXMLZipiadoFactura - Zip creado d:\envio\20609272016-03-B001-0000061.zip
2026-02-05 16:19:18 INFO  [LecturaXML] - generarXMLZipiadoFactura - Crear ZIP 
2026-02-05 16:19:18 INFO  [LecturaXML] - generarXMLZipiadoFactura - Zip creado d:\envio\20609272016-03-B001-0000061.zip
2026-02-05 16:49:57 INFO  [FacturaElectronica] - generarXMLZipiadoFactura - Inicializamos el ambiente
2026-02-05 16:49:57 INFO  [FacturaElectronica] - generarXMLZipiadoFactura - Extraemos datos para preparar XML 
2026-02-05 16:49:57 INFO  [FacturaElectronica] - generarXMLZipiadoFactura - Ruta de directorios d:\envio\
2026-02-05 16:49:57 INFO  [FacturaElectronica] - generarXMLZipiadoFactura - Iniciamos cabecera 
2026-02-05 16:49:57 INFO  [FacturaElectronica] - generarXMLZipiadoFactura - Lectura de cerificado 
2026-02-05 16:49:57 INFO  [FacturaElectronica] - generarXMLZipiadoFactura - Iniciamos la generacion del XML
2026-02-05 16:49:57 INFO  [FacturaElectronica] - generarXMLZipiadoBoleta - cabecera XML 
2026-02-05 16:49:57 INFO  [FacturaElectronica] - generarXMLZipiadoBoleta - Iniciamos detalle XML 
2026-02-05 16:49:57 INFO  [FacturaElectronica] - generarXMLZipiadoBoleta - Prepara firma digital 
2026-02-05 16:49:57 INFO  [FacturaElectronica] - generarXMLZipiadoBoleta - firma el XML 
2026-02-05 16:49:57 INFO  [FacturaElectronica] - generarXMLZipiadoBoleta - XML creado d:\envio\20609272016-01-F001-0000099.xml
2026-02-05 16:49:57 INFO  [LecturaXML] - generarXMLZipiadoFactura - Crear ZIP 
2026-02-05 16:49:57 INFO  [LecturaXML] - generarXMLZipiadoFactura - Zip creado d:\envio\20609272016-01-F001-0000099.zip
2026-02-05 16:49:57 INFO  [FacturaElectronica] - generarXMLZipiadoFactura - Preparando para enviar a SUNAT
2026-02-05 16:49:57 INFO  [FacturaElectronica] - enviarASunat - Prepara ambiente: 1
2026-02-05 16:49:57 ERROR [FacturaElectronica] - enviarASunat - Error javax.xml.ws.WebServiceException: java.io.IOException: Server returned HTTP response code: 401 for URL: https://e-beta.sunat.gob.pe/ol-ti-itcpfegem-beta/billService?ns1.wsdl
2026-02-05 16:50:06 INFO  [FacturaElectronica] - generarXMLZipiadoFactura - Inicializamos el ambiente
2026-02-05 16:50:06 INFO  [FacturaElectronica] - generarXMLZipiadoFactura - Extraemos datos para preparar XML 
2026-02-05 16:50:06 INFO  [FacturaElectronica] - generarXMLZipiadoFactura - Ruta de directorios d:\envio\
2026-02-05 16:50:06 INFO  [FacturaElectronica] - generarXMLZipiadoFactura - Iniciamos cabecera 
2026-02-05 16:50:06 INFO  [FacturaElectronica] - generarXMLZipiadoFactura - Lectura de cerificado 
2026-02-05 16:50:06 INFO  [FacturaElectronica] - generarXMLZipiadoFactura - Iniciamos la generacion del XML
2026-02-05 16:50:06 INFO  [FacturaElectronica] - generarXMLZipiadoBoleta - cabecera XML 
2026-02-05 16:50:06 INFO  [FacturaElectronica] - generarXMLZipiadoBoleta - Iniciamos detalle XML 
2026-02-05 16:50:06 INFO  [FacturaElectronica] - generarXMLZipiadoBoleta - Prepara firma digital 
2026-02-05 16:50:06 INFO  [FacturaElectronica] - generarXMLZipiadoBoleta - firma el XML 
2026-02-05 16:50:06 INFO  [FacturaElectronica] - generarXMLZipiadoBoleta - XML creado d:\envio\20609272016-01-F001-0000099.xml
2026-02-05 16:50:06 INFO  [LecturaXML] - generarXMLZipiadoFactura - Crear ZIP 
2026-02-05 16:50:06 INFO  [LecturaXML] - generarXMLZipiadoFactura - Zip creado d:\envio\20609272016-01-F001-0000099.zip
2026-02-05 16:50:06 INFO  [FacturaElectronica] - generarXMLZipiadoFactura - Preparando para enviar a SUNAT
2026-02-05 16:50:06 INFO  [FacturaElectronica] - enviarASunat - Prepara ambiente: 1
2026-02-05 16:50:06 ERROR [FacturaElectronica] - enviarASunat - Error javax.xml.ws.WebServiceException: java.io.IOException: Server returned HTTP response code: 401 for URL: https://e-beta.sunat.gob.pe/ol-ti-itcpfegem-beta/billService?ns1.wsdl
2026-02-05 16:50:16 INFO  [FacturaElectronica] - generarXMLZipiadoFactura - Inicializamos el ambiente
2026-02-05 16:50:16 INFO  [FacturaElectronica] - generarXMLZipiadoFactura - Extraemos datos para preparar XML 
2026-02-05 16:50:16 INFO  [FacturaElectronica] - generarXMLZipiadoFactura - Ruta de directorios d:\envio\
2026-02-05 16:50:16 INFO  [FacturaElectronica] - generarXMLZipiadoFactura - Iniciamos cabecera 
2026-02-05 16:50:16 INFO  [FacturaElectronica] - generarXMLZipiadoFactura - Lectura de cerificado 
2026-02-05 16:50:16 INFO  [FacturaElectronica] - generarXMLZipiadoFactura - Iniciamos la generacion del XML
2026-02-05 16:50:16 INFO  [FacturaElectronica] - generarXMLZipiadoBoleta - cabecera XML 
2026-02-05 16:50:16 INFO  [FacturaElectronica] - generarXMLZipiadoBoleta - Iniciamos detalle XML 
2026-02-05 16:50:16 INFO  [FacturaElectronica] - generarXMLZipiadoBoleta - Prepara firma digital 
2026-02-05 16:50:16 INFO  [FacturaElectronica] - generarXMLZipiadoBoleta - firma el XML 
2026-02-05 16:50:16 INFO  [FacturaElectronica] - generarXMLZipiadoBoleta - XML creado d:\envio\20609272016-01-F001-0000099.xml
2026-02-05 16:50:16 INFO  [LecturaXML] - generarXMLZipiadoFactura - Crear ZIP 
2026-02-05 16:50:16 INFO  [LecturaXML] - generarXMLZipiadoFactura - Zip creado d:\envio\20609272016-01-F001-0000099.zip
2026-02-05 16:50:16 INFO  [FacturaElectronica] - generarXMLZipiadoFactura - Preparando para enviar a SUNAT
2026-02-05 16:50:16 INFO  [FacturaElectronica] - enviarASunat - Prepara ambiente: 1
2026-02-05 16:50:16 ERROR [FacturaElectronica] - enviarASunat - Error javax.xml.ws.WebServiceException: java.io.IOException: Server returned HTTP response code: 401 for URL: https://e-beta.sunat.gob.pe/ol-ti-itcpfegem-beta/billService?ns1.wsdl
2026-02-05 16:50:26 INFO  [FacturaElectronica] - generarXMLZipiadoFactura - Inicializamos el ambiente
2026-02-05 16:50:26 INFO  [FacturaElectronica] - generarXMLZipiadoFactura - Extraemos datos para preparar XML 
2026-02-05 16:50:26 INFO  [FacturaElectronica] - generarXMLZipiadoFactura - Ruta de directorios d:\envio\
2026-02-05 16:50:26 INFO  [FacturaElectronica] - generarXMLZipiadoFactura - Iniciamos cabecera 
2026-02-05 16:50:26 INFO  [FacturaElectronica] - generarXMLZipiadoFactura - Lectura de cerificado 
2026-02-05 16:50:26 INFO  [FacturaElectronica] - generarXMLZipiadoFactura - Iniciamos la generacion del XML
2026-02-05 16:50:26 INFO  [FacturaElectronica] - generarXMLZipiadoBoleta - cabecera XML 
2026-02-05 16:50:26 INFO  [FacturaElectronica] - generarXMLZipiadoBoleta - Iniciamos detalle XML 
2026-02-05 16:50:26 INFO  [FacturaElectronica] - generarXMLZipiadoBoleta - Prepara firma digital 
2026-02-05 16:50:26 INFO  [FacturaElectronica] - generarXMLZipiadoBoleta - firma el XML 
2026-02-05 16:50:26 INFO  [FacturaElectronica] - generarXMLZipiadoBoleta - XML creado d:\envio\20609272016-01-F001-0000099.xml
2026-02-05 16:50:26 INFO  [LecturaXML] - generarXMLZipiadoFactura - Crear ZIP 
2026-02-05 16:50:26 INFO  [LecturaXML] - generarXMLZipiadoFactura - Zip creado d:\envio\20609272016-01-F001-0000099.zip
2026-02-05 16:50:26 INFO  [FacturaElectronica] - generarXMLZipiadoFactura - Preparando para enviar a SUNAT
2026-02-05 16:50:26 INFO  [FacturaElectronica] - enviarASunat - Prepara ambiente: 1
2026-02-05 16:50:26 ERROR [FacturaElectronica] - enviarASunat - Error javax.xml.ws.WebServiceException: java.io.IOException: Server returned HTTP response code: 401 for URL: https://e-beta.sunat.gob.pe/ol-ti-itcpfegem-beta/billService?ns1.wsdl
2026-02-05 16:50:36 INFO  [FacturaElectronica] - generarXMLZipiadoFactura - Inicializamos el ambiente
2026-02-05 16:50:36 INFO  [FacturaElectronica] - generarXMLZipiadoFactura - Extraemos datos para preparar XML 
2026-02-05 16:50:36 INFO  [FacturaElectronica] - generarXMLZipiadoFactura - Ruta de directorios d:\envio\
2026-02-05 16:50:36 INFO  [FacturaElectronica] - generarXMLZipiadoFactura - Iniciamos cabecera 
2026-02-05 16:50:36 INFO  [FacturaElectronica] - generarXMLZipiadoFactura - Lectura de cerificado 
2026-02-05 16:50:36 INFO  [FacturaElectronica] - generarXMLZipiadoFactura - Iniciamos la generacion del XML
2026-02-05 16:50:36 INFO  [FacturaElectronica] - generarXMLZipiadoBoleta - cabecera XML 
2026-02-05 16:50:36 INFO  [FacturaElectronica] - generarXMLZipiadoBoleta - Iniciamos detalle XML 
2026-02-05 16:50:36 INFO  [FacturaElectronica] - generarXMLZipiadoBoleta - Prepara firma digital 
2026-02-05 16:50:36 INFO  [FacturaElectronica] - generarXMLZipiadoBoleta - firma el XML 
2026-02-05 16:50:36 INFO  [FacturaElectronica] - generarXMLZipiadoBoleta - XML creado d:\envio\20609272016-01-F001-0000099.xml
2026-02-05 16:50:36 INFO  [LecturaXML] - generarXMLZipiadoFactura - Crear ZIP 
2026-02-05 16:50:36 INFO  [LecturaXML] - generarXMLZipiadoFactura - Zip creado d:\envio\20609272016-01-F001-0000099.zip
2026-02-05 16:50:36 INFO  [FacturaElectronica] - generarXMLZipiadoFactura - Preparando para enviar a SUNAT
2026-02-05 16:50:36 INFO  [FacturaElectronica] - enviarASunat - Prepara ambiente: 1
2026-02-05 16:50:36 ERROR [FacturaElectronica] - enviarASunat - Error javax.xml.ws.WebServiceException: java.io.IOException: Server returned HTTP response code: 401 for URL: https://e-beta.sunat.gob.pe/ol-ti-itcpfegem-beta/billService?ns1.wsdl
2026-02-05 16:50:46 INFO  [FacturaElectronica] - generarXMLZipiadoFactura - Inicializamos el ambiente
2026-02-05 16:50:46 INFO  [FacturaElectronica] - generarXMLZipiadoFactura - Extraemos datos para preparar XML 
2026-02-05 16:50:46 INFO  [FacturaElectronica] - generarXMLZipiadoFactura - Ruta de directorios d:\envio\
2026-02-05 16:50:46 INFO  [FacturaElectronica] - generarXMLZipiadoFactura - Iniciamos cabecera 
2026-02-05 16:50:46 INFO  [FacturaElectronica] - generarXMLZipiadoFactura - Lectura de cerificado 
2026-02-05 16:50:46 INFO  [FacturaElectronica] - generarXMLZipiadoFactura - Iniciamos la generacion del XML
2026-02-05 16:50:46 INFO  [FacturaElectronica] - generarXMLZipiadoBoleta - cabecera XML 
2026-02-05 16:50:46 INFO  [FacturaElectronica] - generarXMLZipiadoBoleta - Iniciamos detalle XML 
2026-02-05 16:50:46 INFO  [FacturaElectronica] - generarXMLZipiadoBoleta - Prepara firma digital 
2026-02-05 16:50:46 INFO  [FacturaElectronica] - generarXMLZipiadoBoleta - firma el XML 
2026-02-05 16:50:46 INFO  [FacturaElectronica] - generarXMLZipiadoBoleta - XML creado d:\envio\20609272016-01-F001-0000099.xml
2026-02-05 16:50:46 INFO  [LecturaXML] - generarXMLZipiadoFactura - Crear ZIP 
2026-02-05 16:50:46 INFO  [LecturaXML] - generarXMLZipiadoFactura - Zip creado d:\envio\20609272016-01-F001-0000099.zip
2026-02-05 16:50:46 INFO  [FacturaElectronica] - generarXMLZipiadoFactura - Preparando para enviar a SUNAT
2026-02-05 16:50:46 INFO  [FacturaElectronica] - enviarASunat - Prepara ambiente: 1
2026-02-05 16:50:46 ERROR [FacturaElectronica] - enviarASunat - Error javax.xml.ws.WebServiceException: java.io.IOException: Server returned HTTP response code: 401 for URL: https://e-beta.sunat.gob.pe/ol-ti-itcpfegem-beta/billService?ns1.wsdl
2026-02-05 16:50:56 INFO  [FacturaElectronica] - generarXMLZipiadoFactura - Inicializamos el ambiente
2026-02-05 16:50:56 INFO  [FacturaElectronica] - generarXMLZipiadoFactura - Extraemos datos para preparar XML 
2026-02-05 16:50:56 INFO  [FacturaElectronica] - generarXMLZipiadoFactura - Ruta de directorios d:\envio\
2026-02-05 16:50:56 INFO  [FacturaElectronica] - generarXMLZipiadoFactura - Iniciamos cabecera 
2026-02-05 16:50:56 INFO  [FacturaElectronica] - generarXMLZipiadoFactura - Lectura de cerificado 
2026-02-05 16:50:56 INFO  [FacturaElectronica] - generarXMLZipiadoFactura - Iniciamos la generacion del XML
2026-02-05 16:50:56 INFO  [FacturaElectronica] - generarXMLZipiadoBoleta - cabecera XML 
2026-02-05 16:50:56 INFO  [FacturaElectronica] - generarXMLZipiadoBoleta - Iniciamos detalle XML 
2026-02-05 16:50:56 INFO  [FacturaElectronica] - generarXMLZipiadoBoleta - Prepara firma digital 
2026-02-05 16:50:56 INFO  [FacturaElectronica] - generarXMLZipiadoBoleta - firma el XML 
2026-02-05 16:50:56 INFO  [FacturaElectronica] - generarXMLZipiadoBoleta - XML creado d:\envio\20609272016-01-F001-0000099.xml
2026-02-05 16:50:56 INFO  [LecturaXML] - generarXMLZipiadoFactura - Crear ZIP 
2026-02-05 16:50:56 INFO  [LecturaXML] - generarXMLZipiadoFactura - Zip creado d:\envio\20609272016-01-F001-0000099.zip
2026-02-05 16:50:56 INFO  [FacturaElectronica] - generarXMLZipiadoFactura - Preparando para enviar a SUNAT
2026-02-05 16:50:56 INFO  [FacturaElectronica] - enviarASunat - Prepara ambiente: 1
2026-02-05 16:50:56 ERROR [FacturaElectronica] - enviarASunat - Error javax.xml.ws.WebServiceException: java.io.IOException: Server returned HTTP response code: 401 for URL: https://e-beta.sunat.gob.pe/ol-ti-itcpfegem-beta/billService?ns1.wsdl
2026-02-05 16:51:06 INFO  [FacturaElectronica] - generarXMLZipiadoFactura - Inicializamos el ambiente
2026-02-05 16:51:06 INFO  [FacturaElectronica] - generarXMLZipiadoFactura - Extraemos datos para preparar XML 
2026-02-05 16:51:06 INFO  [FacturaElectronica] - generarXMLZipiadoFactura - Ruta de directorios d:\envio\
2026-02-05 16:51:06 INFO  [FacturaElectronica] - generarXMLZipiadoFactura - Iniciamos cabecera 
2026-02-05 16:51:06 INFO  [FacturaElectronica] - generarXMLZipiadoFactura - Lectura de cerificado 
2026-02-05 16:51:06 INFO  [FacturaElectronica] - generarXMLZipiadoFactura - Iniciamos la generacion del XML
2026-02-05 16:51:06 INFO  [FacturaElectronica] - generarXMLZipiadoBoleta - cabecera XML 
2026-02-05 16:51:06 INFO  [FacturaElectronica] - generarXMLZipiadoBoleta - Iniciamos detalle XML 
2026-02-05 16:51:06 INFO  [FacturaElectronica] - generarXMLZipiadoBoleta - Prepara firma digital 
2026-02-05 16:51:06 INFO  [FacturaElectronica] - generarXMLZipiadoBoleta - firma el XML 
2026-02-05 16:51:06 INFO  [FacturaElectronica] - generarXMLZipiadoBoleta - XML creado d:\envio\20609272016-01-F001-0000099.xml
2026-02-05 16:51:06 INFO  [LecturaXML] - generarXMLZipiadoFactura - Crear ZIP 
2026-02-05 16:51:06 INFO  [LecturaXML] - generarXMLZipiadoFactura - Zip creado d:\envio\20609272016-01-F001-0000099.zip
2026-02-05 16:51:06 INFO  [FacturaElectronica] - generarXMLZipiadoFactura - Preparando para enviar a SUNAT
2026-02-05 16:51:06 INFO  [FacturaElectronica] - enviarASunat - Prepara ambiente: 1
2026-02-05 16:51:06 ERROR [FacturaElectronica] - enviarASunat - Error javax.xml.ws.WebServiceException: java.io.IOException: Server returned HTTP response code: 401 for URL: https://e-beta.sunat.gob.pe/ol-ti-itcpfegem-beta/billService?ns1.wsdl
2026-02-05 16:51:16 INFO  [FacturaElectronica] - generarXMLZipiadoFactura - Inicializamos el ambiente
2026-02-05 16:51:16 INFO  [FacturaElectronica] - generarXMLZipiadoFactura - Extraemos datos para preparar XML 
2026-02-05 16:51:16 INFO  [FacturaElectronica] - generarXMLZipiadoFactura - Ruta de directorios d:\envio\
2026-02-05 16:51:16 INFO  [FacturaElectronica] - generarXMLZipiadoFactura - Iniciamos cabecera 
2026-02-05 16:51:16 INFO  [FacturaElectronica] - generarXMLZipiadoFactura - Lectura de cerificado 
2026-02-05 16:51:16 INFO  [FacturaElectronica] - generarXMLZipiadoFactura - Iniciamos la generacion del XML
2026-02-05 16:51:16 INFO  [FacturaElectronica] - generarXMLZipiadoBoleta - cabecera XML 
2026-02-05 16:51:16 INFO  [FacturaElectronica] - generarXMLZipiadoBoleta - Iniciamos detalle XML 
2026-02-05 16:51:16 INFO  [FacturaElectronica] - generarXMLZipiadoBoleta - Prepara firma digital 
2026-02-05 16:51:16 INFO  [FacturaElectronica] - generarXMLZipiadoBoleta - firma el XML 
2026-02-05 16:51:16 INFO  [FacturaElectronica] - generarXMLZipiadoBoleta - XML creado d:\envio\20609272016-01-F001-0000099.xml
2026-02-05 16:51:16 INFO  [LecturaXML] - generarXMLZipiadoFactura - Crear ZIP 
2026-02-05 16:51:16 INFO  [LecturaXML] - generarXMLZipiadoFactura - Zip creado d:\envio\20609272016-01-F001-0000099.zip
2026-02-05 16:51:16 INFO  [FacturaElectronica] - generarXMLZipiadoFactura - Preparando para enviar a SUNAT
2026-02-05 16:51:16 INFO  [FacturaElectronica] - enviarASunat - Prepara ambiente: 1
2026-02-05 16:51:16 ERROR [FacturaElectronica] - enviarASunat - Error javax.xml.ws.WebServiceException: java.io.IOException: Server returned HTTP response code: 401 for URL: https://e-beta.sunat.gob.pe/ol-ti-itcpfegem-beta/billService?ns1.wsdl
2026-02-05 16:51:26 INFO  [FacturaElectronica] - generarXMLZipiadoFactura - Inicializamos el ambiente
2026-02-05 16:51:26 INFO  [FacturaElectronica] - generarXMLZipiadoFactura - Extraemos datos para preparar XML 
2026-02-05 16:51:26 INFO  [FacturaElectronica] - generarXMLZipiadoFactura - Ruta de directorios d:\envio\
2026-02-05 16:51:26 INFO  [FacturaElectronica] - generarXMLZipiadoFactura - Iniciamos cabecera 
2026-02-05 16:51:26 INFO  [FacturaElectronica] - generarXMLZipiadoFactura - Lectura de cerificado 
2026-02-05 16:51:26 INFO  [FacturaElectronica] - generarXMLZipiadoFactura - Iniciamos la generacion del XML
2026-02-05 16:51:26 INFO  [FacturaElectronica] - generarXMLZipiadoBoleta - cabecera XML 
2026-02-05 16:51:26 INFO  [FacturaElectronica] - generarXMLZipiadoBoleta - Iniciamos detalle XML 
2026-02-05 16:51:26 INFO  [FacturaElectronica] - generarXMLZipiadoBoleta - Prepara firma digital 
2026-02-05 16:51:26 INFO  [FacturaElectronica] - generarXMLZipiadoBoleta - firma el XML 
2026-02-05 16:51:26 INFO  [FacturaElectronica] - generarXMLZipiadoBoleta - XML creado d:\envio\20609272016-01-F001-0000099.xml
2026-02-05 16:51:26 INFO  [LecturaXML] - generarXMLZipiadoFactura - Crear ZIP 
2026-02-05 16:51:26 INFO  [LecturaXML] - generarXMLZipiadoFactura - Zip creado d:\envio\20609272016-01-F001-0000099.zip
2026-02-05 16:51:26 INFO  [FacturaElectronica] - generarXMLZipiadoFactura - Preparando para enviar a SUNAT
2026-02-05 16:51:26 INFO  [FacturaElectronica] - enviarASunat - Prepara ambiente: 1
2026-02-05 16:51:26 ERROR [FacturaElectronica] - enviarASunat - Error javax.xml.ws.WebServiceException: java.io.IOException: Server returned HTTP response code: 401 for URL: https://e-beta.sunat.gob.pe/ol-ti-itcpfegem-beta/billService?ns1.wsdl
2026-02-05 16:51:36 INFO  [FacturaElectronica] - generarXMLZipiadoFactura - Inicializamos el ambiente
2026-02-05 16:51:36 INFO  [FacturaElectronica] - generarXMLZipiadoFactura - Extraemos datos para preparar XML 
2026-02-05 16:51:36 INFO  [FacturaElectronica] - generarXMLZipiadoFactura - Ruta de directorios d:\envio\
2026-02-05 16:51:36 INFO  [FacturaElectronica] - generarXMLZipiadoFactura - Iniciamos cabecera 
2026-02-05 16:51:36 INFO  [FacturaElectronica] - generarXMLZipiadoFactura - Lectura de cerificado 
2026-02-05 16:51:36 INFO  [FacturaElectronica] - generarXMLZipiadoFactura - Iniciamos la generacion del XML
2026-02-05 16:51:36 INFO  [FacturaElectronica] - generarXMLZipiadoBoleta - cabecera XML 
2026-02-05 16:51:36 INFO  [FacturaElectronica] - generarXMLZipiadoBoleta - Iniciamos detalle XML 
2026-02-05 16:51:36 INFO  [FacturaElectronica] - generarXMLZipiadoBoleta - Prepara firma digital 
2026-02-05 16:51:36 INFO  [FacturaElectronica] - generarXMLZipiadoBoleta - firma el XML 
2026-02-05 16:51:36 INFO  [FacturaElectronica] - generarXMLZipiadoBoleta - XML creado d:\envio\20609272016-01-F001-0000099.xml
2026-02-05 16:51:36 INFO  [LecturaXML] - generarXMLZipiadoFactura - Crear ZIP 
2026-02-05 16:51:36 INFO  [LecturaXML] - generarXMLZipiadoFactura - Zip creado d:\envio\20609272016-01-F001-0000099.zip
2026-02-05 16:51:36 INFO  [FacturaElectronica] - generarXMLZipiadoFactura - Preparando para enviar a SUNAT
2026-02-05 16:51:36 INFO  [FacturaElectronica] - enviarASunat - Prepara ambiente: 1
2026-02-05 16:51:36 ERROR [FacturaElectronica] - enviarASunat - Error javax.xml.ws.WebServiceException: java.io.IOException: Server returned HTTP response code: 401 for URL: https://e-beta.sunat.gob.pe/ol-ti-itcpfegem-beta/billService?ns1.wsdl
2026-02-05 16:51:46 INFO  [FacturaElectronica] - generarXMLZipiadoFactura - Inicializamos el ambiente
2026-02-05 16:51:46 INFO  [FacturaElectronica] - generarXMLZipiadoFactura - Extraemos datos para preparar XML 
2026-02-05 16:51:46 INFO  [FacturaElectronica] - generarXMLZipiadoFactura - Ruta de directorios d:\envio\
2026-02-05 16:51:46 INFO  [FacturaElectronica] - generarXMLZipiadoFactura - Iniciamos cabecera 
2026-02-05 16:51:46 INFO  [FacturaElectronica] - generarXMLZipiadoFactura - Lectura de cerificado 
2026-02-05 16:51:46 INFO  [FacturaElectronica] - generarXMLZipiadoFactura - Iniciamos la generacion del XML
2026-02-05 16:51:46 INFO  [FacturaElectronica] - generarXMLZipiadoBoleta - cabecera XML 
2026-02-05 16:51:46 INFO  [FacturaElectronica] - generarXMLZipiadoBoleta - Iniciamos detalle XML 
2026-02-05 16:51:46 INFO  [FacturaElectronica] - generarXMLZipiadoBoleta - Prepara firma digital 
2026-02-05 16:51:46 INFO  [FacturaElectronica] - generarXMLZipiadoBoleta - firma el XML 
2026-02-05 16:51:46 INFO  [FacturaElectronica] - generarXMLZipiadoBoleta - XML creado d:\envio\20609272016-01-F001-0000099.xml
2026-02-05 16:51:46 INFO  [LecturaXML] - generarXMLZipiadoFactura - Crear ZIP 
2026-02-05 16:51:46 INFO  [LecturaXML] - generarXMLZipiadoFactura - Zip creado d:\envio\20609272016-01-F001-0000099.zip
2026-02-05 16:51:46 INFO  [FacturaElectronica] - generarXMLZipiadoFactura - Preparando para enviar a SUNAT
2026-02-05 16:51:46 INFO  [FacturaElectronica] - enviarASunat - Prepara ambiente: 1
2026-02-05 16:51:46 ERROR [FacturaElectronica] - enviarASunat - Error javax.xml.ws.WebServiceException: java.io.IOException: Server returned HTTP response code: 401 for URL: https://e-beta.sunat.gob.pe/ol-ti-itcpfegem-beta/billService?ns1.wsdl
2026-02-05 16:51:56 INFO  [FacturaElectronica] - generarXMLZipiadoFactura - Inicializamos el ambiente
2026-02-05 16:51:56 INFO  [FacturaElectronica] - generarXMLZipiadoFactura - Extraemos datos para preparar XML 
2026-02-05 16:51:56 INFO  [FacturaElectronica] - generarXMLZipiadoFactura - Ruta de directorios d:\envio\
2026-02-05 16:51:56 INFO  [FacturaElectronica] - generarXMLZipiadoFactura - Iniciamos cabecera 
2026-02-05 16:51:56 INFO  [FacturaElectronica] - generarXMLZipiadoFactura - Lectura de cerificado 
2026-02-05 16:51:56 INFO  [FacturaElectronica] - generarXMLZipiadoFactura - Iniciamos la generacion del XML
2026-02-05 16:51:56 INFO  [FacturaElectronica] - generarXMLZipiadoBoleta - cabecera XML 
2026-02-05 16:51:56 INFO  [FacturaElectronica] - generarXMLZipiadoBoleta - Iniciamos detalle XML 
2026-02-05 16:51:56 INFO  [FacturaElectronica] - generarXMLZipiadoBoleta - Prepara firma digital 
2026-02-05 16:51:56 INFO  [FacturaElectronica] - generarXMLZipiadoBoleta - firma el XML 
2026-02-05 16:51:56 INFO  [FacturaElectronica] - generarXMLZipiadoBoleta - XML creado d:\envio\20609272016-01-F001-0000099.xml
2026-02-05 16:51:56 INFO  [LecturaXML] - generarXMLZipiadoFactura - Crear ZIP 
2026-02-05 16:51:56 INFO  [LecturaXML] - generarXMLZipiadoFactura - Zip creado d:\envio\20609272016-01-F001-0000099.zip
2026-02-05 16:51:56 INFO  [FacturaElectronica] - generarXMLZipiadoFactura - Preparando para enviar a SUNAT
2026-02-05 16:51:56 INFO  [FacturaElectronica] - enviarASunat - Prepara ambiente: 1
2026-02-05 16:51:56 ERROR [FacturaElectronica] - enviarASunat - Error javax.xml.ws.WebServiceException: java.io.IOException: Server returned HTTP response code: 401 for URL: https://e-beta.sunat.gob.pe/ol-ti-itcpfegem-beta/billService?ns1.wsdl
2026-02-05 16:52:06 INFO  [FacturaElectronica] - generarXMLZipiadoFactura - Inicializamos el ambiente
2026-02-05 16:52:06 INFO  [FacturaElectronica] - generarXMLZipiadoFactura - Extraemos datos para preparar XML 
2026-02-05 16:52:06 INFO  [FacturaElectronica] - generarXMLZipiadoFactura - Ruta de directorios d:\envio\
2026-02-05 16:52:06 INFO  [FacturaElectronica] - generarXMLZipiadoFactura - Iniciamos cabecera 
2026-02-05 16:52:06 INFO  [FacturaElectronica] - generarXMLZipiadoFactura - Lectura de cerificado 
2026-02-05 16:52:06 INFO  [FacturaElectronica] - generarXMLZipiadoFactura - Iniciamos la generacion del XML
2026-02-05 16:52:06 INFO  [FacturaElectronica] - generarXMLZipiadoBoleta - cabecera XML 
2026-02-05 16:52:06 INFO  [FacturaElectronica] - generarXMLZipiadoBoleta - Iniciamos detalle XML 
2026-02-05 16:52:06 INFO  [FacturaElectronica] - generarXMLZipiadoBoleta - Prepara firma digital 
2026-02-05 16:52:06 INFO  [FacturaElectronica] - generarXMLZipiadoBoleta - firma el XML 
2026-02-05 16:52:06 INFO  [FacturaElectronica] - generarXMLZipiadoBoleta - XML creado d:\envio\20609272016-01-F001-0000099.xml
2026-02-05 16:52:06 INFO  [LecturaXML] - generarXMLZipiadoFactura - Crear ZIP 
2026-02-05 16:52:06 INFO  [LecturaXML] - generarXMLZipiadoFactura - Zip creado d:\envio\20609272016-01-F001-0000099.zip
2026-02-05 16:52:06 INFO  [FacturaElectronica] - generarXMLZipiadoFactura - Preparando para enviar a SUNAT
2026-02-05 16:52:06 INFO  [FacturaElectronica] - enviarASunat - Prepara ambiente: 1
2026-02-05 16:52:06 ERROR [FacturaElectronica] - enviarASunat - Error javax.xml.ws.WebServiceException: java.io.IOException: Server returned HTTP response code: 401 for URL: https://e-beta.sunat.gob.pe/ol-ti-itcpfegem-beta/billService?ns1.wsdl
2026-02-05 16:52:16 INFO  [FacturaElectronica] - generarXMLZipiadoFactura - Inicializamos el ambiente
2026-02-05 16:52:16 INFO  [FacturaElectronica] - generarXMLZipiadoFactura - Extraemos datos para preparar XML 
2026-02-05 16:52:16 INFO  [FacturaElectronica] - generarXMLZipiadoFactura - Ruta de directorios d:\envio\
2026-02-05 16:52:16 INFO  [FacturaElectronica] - generarXMLZipiadoFactura - Iniciamos cabecera 
2026-02-05 16:52:16 INFO  [FacturaElectronica] - generarXMLZipiadoFactura - Lectura de cerificado 
2026-02-05 16:52:16 INFO  [FacturaElectronica] - generarXMLZipiadoFactura - Iniciamos la generacion del XML
2026-02-05 16:52:16 INFO  [FacturaElectronica] - generarXMLZipiadoBoleta - cabecera XML 
2026-02-05 16:52:16 INFO  [FacturaElectronica] - generarXMLZipiadoBoleta - Iniciamos detalle XML 
2026-02-05 16:52:16 INFO  [FacturaElectronica] - generarXMLZipiadoBoleta - Prepara firma digital 
2026-02-05 16:52:16 INFO  [FacturaElectronica] - generarXMLZipiadoBoleta - firma el XML 
2026-02-05 16:52:16 INFO  [FacturaElectronica] - generarXMLZipiadoBoleta - XML creado d:\envio\20609272016-01-F001-0000099.xml
2026-02-05 16:52:16 INFO  [LecturaXML] - generarXMLZipiadoFactura - Crear ZIP 
2026-02-05 16:52:16 INFO  [LecturaXML] - generarXMLZipiadoFactura - Zip creado d:\envio\20609272016-01-F001-0000099.zip
2026-02-05 16:52:16 INFO  [FacturaElectronica] - generarXMLZipiadoFactura - Preparando para enviar a SUNAT
2026-02-05 16:52:16 INFO  [FacturaElectronica] - enviarASunat - Prepara ambiente: 1
2026-02-05 16:52:16 ERROR [FacturaElectronica] - enviarASunat - Error javax.xml.ws.WebServiceException: java.io.IOException: Server returned HTTP response code: 401 for URL: https://e-beta.sunat.gob.pe/ol-ti-itcpfegem-beta/billService?ns1.wsdl
2026-02-05 16:52:26 INFO  [FacturaElectronica] - generarXMLZipiadoFactura - Inicializamos el ambiente
2026-02-05 16:52:26 INFO  [FacturaElectronica] - generarXMLZipiadoFactura - Extraemos datos para preparar XML 
2026-02-05 16:52:26 INFO  [FacturaElectronica] - generarXMLZipiadoFactura - Ruta de directorios d:\envio\
2026-02-05 16:52:26 INFO  [FacturaElectronica] - generarXMLZipiadoFactura - Iniciamos cabecera 
2026-02-05 16:52:26 INFO  [FacturaElectronica] - generarXMLZipiadoFactura - Lectura de cerificado 
2026-02-05 16:52:26 INFO  [FacturaElectronica] - generarXMLZipiadoFactura - Iniciamos la generacion del XML
2026-02-05 16:52:26 INFO  [FacturaElectronica] - generarXMLZipiadoBoleta - cabecera XML 
2026-02-05 16:52:26 INFO  [FacturaElectronica] - generarXMLZipiadoBoleta - Iniciamos detalle XML 
2026-02-05 16:52:26 INFO  [FacturaElectronica] - generarXMLZipiadoBoleta - Prepara firma digital 
2026-02-05 16:52:26 INFO  [FacturaElectronica] - generarXMLZipiadoBoleta - firma el XML 
2026-02-05 16:52:26 INFO  [FacturaElectronica] - generarXMLZipiadoBoleta - XML creado d:\envio\20609272016-01-F001-0000099.xml
2026-02-05 16:52:26 INFO  [LecturaXML] - generarXMLZipiadoFactura - Crear ZIP 
2026-02-05 16:52:26 INFO  [LecturaXML] - generarXMLZipiadoFactura - Zip creado d:\envio\20609272016-01-F001-0000099.zip
2026-02-05 16:52:26 INFO  [FacturaElectronica] - generarXMLZipiadoFactura - Preparando para enviar a SUNAT
2026-02-05 16:52:26 INFO  [FacturaElectronica] - enviarASunat - Prepara ambiente: 1
2026-02-05 16:52:26 ERROR [FacturaElectronica] - enviarASunat - Error javax.xml.ws.WebServiceException: java.io.IOException: Server returned HTTP response code: 401 for URL: https://e-beta.sunat.gob.pe/ol-ti-itcpfegem-beta/billService?ns1.wsdl
2026-02-05 16:52:36 INFO  [FacturaElectronica] - generarXMLZipiadoFactura - Inicializamos el ambiente
2026-02-05 16:52:36 INFO  [FacturaElectronica] - generarXMLZipiadoFactura - Extraemos datos para preparar XML 
2026-02-05 16:52:36 INFO  [FacturaElectronica] - generarXMLZipiadoFactura - Ruta de directorios d:\envio\
2026-02-05 16:52:36 INFO  [FacturaElectronica] - generarXMLZipiadoFactura - Iniciamos cabecera 
2026-02-05 16:52:36 INFO  [FacturaElectronica] - generarXMLZipiadoFactura - Lectura de cerificado 
2026-02-05 16:52:36 INFO  [FacturaElectronica] - generarXMLZipiadoFactura - Iniciamos la generacion del XML
2026-02-05 16:52:36 INFO  [FacturaElectronica] - generarXMLZipiadoBoleta - cabecera XML 
2026-02-05 16:52:36 INFO  [FacturaElectronica] - generarXMLZipiadoBoleta - Iniciamos detalle XML 
2026-02-05 16:52:36 INFO  [FacturaElectronica] - generarXMLZipiadoBoleta - Prepara firma digital 
2026-02-05 16:52:36 INFO  [FacturaElectronica] - generarXMLZipiadoBoleta - firma el XML 
2026-02-05 16:52:36 INFO  [FacturaElectronica] - generarXMLZipiadoBoleta - XML creado d:\envio\20609272016-01-F001-0000099.xml
2026-02-05 16:52:36 INFO  [LecturaXML] - generarXMLZipiadoFactura - Crear ZIP 
2026-02-05 16:52:36 INFO  [LecturaXML] - generarXMLZipiadoFactura - Zip creado d:\envio\20609272016-01-F001-0000099.zip
2026-02-05 16:52:36 INFO  [FacturaElectronica] - generarXMLZipiadoFactura - Preparando para enviar a SUNAT
2026-02-05 16:52:36 INFO  [FacturaElectronica] - enviarASunat - Prepara ambiente: 1
2026-02-05 16:52:36 ERROR [FacturaElectronica] - enviarASunat - Error javax.xml.ws.WebServiceException: java.io.IOException: Server returned HTTP response code: 401 for URL: https://e-beta.sunat.gob.pe/ol-ti-itcpfegem-beta/billService?ns1.wsdl
2026-02-05 16:52:46 INFO  [FacturaElectronica] - generarXMLZipiadoFactura - Inicializamos el ambiente
2026-02-05 16:52:46 INFO  [FacturaElectronica] - generarXMLZipiadoFactura - Extraemos datos para preparar XML 
2026-02-05 16:52:46 INFO  [FacturaElectronica] - generarXMLZipiadoFactura - Ruta de directorios d:\envio\
2026-02-05 16:52:46 INFO  [FacturaElectronica] - generarXMLZipiadoFactura - Iniciamos cabecera 
2026-02-05 16:52:46 INFO  [FacturaElectronica] - generarXMLZipiadoFactura - Lectura de cerificado 
2026-02-05 16:52:46 INFO  [FacturaElectronica] - generarXMLZipiadoFactura - Iniciamos la generacion del XML
2026-02-05 16:52:46 INFO  [FacturaElectronica] - generarXMLZipiadoBoleta - cabecera XML 
2026-02-05 16:52:46 INFO  [FacturaElectronica] - generarXMLZipiadoBoleta - Iniciamos detalle XML 
2026-02-05 16:52:46 INFO  [FacturaElectronica] - generarXMLZipiadoBoleta - Prepara firma digital 
2026-02-05 16:52:46 INFO  [FacturaElectronica] - generarXMLZipiadoBoleta - firma el XML 
2026-02-05 16:52:46 INFO  [FacturaElectronica] - generarXMLZipiadoBoleta - XML creado d:\envio\20609272016-01-F001-0000099.xml
2026-02-05 16:52:46 INFO  [LecturaXML] - generarXMLZipiadoFactura - Crear ZIP 
2026-02-05 16:52:46 INFO  [LecturaXML] - generarXMLZipiadoFactura - Zip creado d:\envio\20609272016-01-F001-0000099.zip
2026-02-05 16:52:46 INFO  [FacturaElectronica] - generarXMLZipiadoFactura - Preparando para enviar a SUNAT
2026-02-05 16:52:46 INFO  [FacturaElectronica] - enviarASunat - Prepara ambiente: 1
2026-02-05 16:52:46 ERROR [FacturaElectronica] - enviarASunat - Error javax.xml.ws.WebServiceException: java.io.IOException: Server returned HTTP response code: 401 for URL: https://e-beta.sunat.gob.pe/ol-ti-itcpfegem-beta/billService?ns1.wsdl
2026-02-05 16:53:00 INFO  [FacturaElectronica] - generarXMLZipiadoFactura - Inicializamos el ambiente
2026-02-05 16:55:38 INFO  [FacturaElectronica] - generarXMLZipiadoFactura - Extraemos datos para preparar XML 
2026-02-05 16:55:39 INFO  [FacturaElectronica] - generarXMLZipiadoFactura - Ruta de directorios d:\envio\
2026-02-05 16:55:40 INFO  [FacturaElectronica] - generarXMLZipiadoFactura - Iniciamos cabecera 
2026-02-05 16:55:43 INFO  [FacturaElectronica] - generarXMLZipiadoFactura - Lectura de cerificado 
2026-02-05 16:55:43 INFO  [FacturaElectronica] - generarXMLZipiadoFactura - Iniciamos la generacion del XML
2026-02-05 16:55:49 INFO  [FacturaElectronica] - generarXMLZipiadoBoleta - cabecera XML 
2026-02-05 16:55:49 INFO  [FacturaElectronica] - generarXMLZipiadoBoleta - Iniciamos detalle XML 
2026-02-05 16:55:49 INFO  [FacturaElectronica] - generarXMLZipiadoBoleta - Prepara firma digital 
2026-02-05 16:55:49 INFO  [FacturaElectronica] - generarXMLZipiadoBoleta - firma el XML 
2026-02-05 16:55:50 INFO  [FacturaElectronica] - generarXMLZipiadoBoleta - XML creado d:\envio\20609272016-01-F001-0000099.xml
2026-02-05 16:55:50 INFO  [LecturaXML] - generarXMLZipiadoFactura - Crear ZIP 
2026-02-05 16:55:50 INFO  [LecturaXML] - generarXMLZipiadoFactura - Zip creado d:\envio\20609272016-01-F001-0000099.zip
2026-02-05 16:56:02 INFO  [FacturaElectronica] - generarXMLZipiadoFactura - Preparando para enviar a SUNAT
2026-02-05 16:56:16 INFO  [FacturaElectronica] - enviarASunat - Prepara ambiente: 1
2026-02-05 16:57:43 INFO  [FacturaElectronica] - generarXMLZipiadoFactura - Inicializamos el ambiente
2026-02-05 16:57:59 INFO  [FacturaElectronica] - generarXMLZipiadoFactura - Extraemos datos para preparar XML 
2026-02-05 16:58:00 INFO  [FacturaElectronica] - generarXMLZipiadoFactura - Ruta de directorios d:\envio\
2026-02-05 16:58:01 INFO  [FacturaElectronica] - generarXMLZipiadoFactura - Iniciamos cabecera 
2026-02-05 16:58:09 INFO  [FacturaElectronica] - generarXMLZipiadoFactura - Lectura de cerificado 
2026-02-05 16:58:11 INFO  [FacturaElectronica] - generarXMLZipiadoFactura - Iniciamos la generacion del XML
2026-02-05 16:58:43 INFO  [FacturaElectronica] - generarXMLZipiadoBoleta - cabecera XML 
2026-02-05 16:59:33 INFO  [FacturaElectronica] - generarXMLZipiadoBoleta - Iniciamos detalle XML 
2026-02-05 16:59:33 INFO  [FacturaElectronica] - generarXMLZipiadoBoleta - Prepara firma digital 
2026-02-05 16:59:33 INFO  [FacturaElectronica] - generarXMLZipiadoBoleta - firma el XML 
2026-02-05 16:59:35 INFO  [FacturaElectronica] - generarXMLZipiadoFactura - Inicializamos el ambiente
2026-02-05 16:59:47 INFO  [FacturaElectronica] - generarXMLZipiadoFactura - Extraemos datos para preparar XML 
2026-02-05 16:59:48 INFO  [FacturaElectronica] - generarXMLZipiadoFactura - Ruta de directorios d:\envio\
2026-02-05 16:59:50 INFO  [FacturaElectronica] - generarXMLZipiadoFactura - Iniciamos cabecera 
2026-02-05 16:59:52 INFO  [FacturaElectronica] - generarXMLZipiadoFactura - Lectura de cerificado 
2026-02-05 16:59:52 INFO  [FacturaElectronica] - generarXMLZipiadoFactura - Iniciamos la generacion del XML
2026-02-05 16:59:57 INFO  [FacturaElectronica] - generarXMLZipiadoBoleta - cabecera XML 
2026-02-05 16:59:57 INFO  [FacturaElectronica] - generarXMLZipiadoBoleta - Iniciamos detalle XML 
2026-02-05 16:59:57 INFO  [FacturaElectronica] - generarXMLZipiadoBoleta - Prepara firma digital 
2026-02-05 16:59:57 INFO  [FacturaElectronica] - generarXMLZipiadoBoleta - firma el XML 
2026-02-05 16:59:58 INFO  [FacturaElectronica] - generarXMLZipiadoBoleta - XML creado d:\envio\20609272016-01-F001-0000099.xml
2026-02-05 16:59:58 INFO  [LecturaXML] - generarXMLZipiadoFactura - Crear ZIP 
2026-02-05 16:59:58 INFO  [LecturaXML] - generarXMLZipiadoFactura - Zip creado d:\envio\20609272016-01-F001-0000099.zip
2026-02-05 17:01:01 INFO  [FacturaElectronica] - generarXMLZipiadoFactura - Preparando para enviar a SUNAT
2026-02-05 17:01:10 INFO  [FacturaElectronica] - enviarASunat - Prepara ambiente: 1
